// Jest Snapshot v1, https://goo.gl/fbAQLP

exports[`JSX should catch error of syntax 1`] = `"[1:11]: Unexpected token"`;

exports[`JSX should catch error with number object 1`] = `"1"`;

exports[`JSX should catch error with object 1`] = `"[object Object]"`;

exports[`JSX should render JSX 1`] = `
Array [
  "
      ",
  <h1>
    Hello, JSX World
  </h1>,
  "
      ",
  <p>
    This is paragraph.
  </p>,
  "
      ",
  <ul
    className="Hello"
  >
    
        
    <li>
      first
    </li>
    
        
    <li>
      second
    </li>
    
      
  </ul>,
  "
      ",
  "Fragment",
]
`;
